astral-sh.ty.vsix
charliermarsh.ruff.vsix
Continue.continue.vsix
eamodio.gitlens.vsix
EditorConfig.EditorConfig.vsix
lemrod.vscode-mqsc.vsix
ms-azuretools.vscode-containers.vsix
ms-kubernetes-tools.vscode-kubernetes-tools.vsix
ms-python.debugpy.vsix
ms-python.python.vsix
ms-python.vscode-pylance.vsix
ms-python.vscode-python-envs.vsix
NicolasVuillamy.vscode-groovy-lint.vsix
redhat.ansible.vsix
redhat.java.vsix
redhat.vscode-yaml.vsix
RooVeterinaryInc.roo-cline.vsix
samuelcolvin.jinjahtml.vsix
vscjava.vscode-gradle.vsix
vscjava.vscode-java-debug.vsix
vscjava.vscode-java-dependency.vsix
vscjava.vscode-java-pack.vsix
vscjava.vscode-java-test.vsix
vscjava.vscode-maven.vsix
